add_horse: SUCCESS
add_horse: SUCCESS
add_horse: SUCCESS
add_herd: SUCCESS
join_herd: SUCCESS
join_herd: SUCCESS
join_herd: SUCCESS
follow: SUCCESS
can_run_together: SUCCESS, False
follow: SUCCESS
can_run_together: SUCCESS, True
leave_herd: SUCCESS
join_herd: SUCCESS
can_run_together: SUCCESS, False
follow: SUCCESS
can_run_together: SUCCESS, False
follow: SUCCESS
can_run_together: SUCCESS, True
leads: SUCCESS, True
leads: SUCCESS, False
get_speed: SUCCESS, 100
get_speed: SUCCESS, 200
get_speed: SUCCESS, 300
