add_horse: SUCCESS
follow: INVALID_INPUT
add_horse: SUCCESS
add_horse: SUCCESS
add_horse: SUCCESS
add_horse: SUCCESS
get_speed: SUCCESS, 1
leads: SUCCESS, False
add_horse: SUCCESS
get_speed: FAILURE
get_speed: SUCCESS, 25
add_horse: SUCCESS
get_speed: SUCCESS, 7
add_horse: SUCCESS
add_horse: SUCCESS
add_horse: SUCCESS
add_herd: SUCCESS
get_speed: SUCCESS, 2
join_herd: SUCCESS
add_horse: SUCCESS
can_run_together: SUCCESS, True
add_horse: SUCCESS
can_run_together: SUCCESS, True
add_horse: SUCCESS
add_horse: SUCCESS
can_run_together: SUCCESS, True
add_horse: SUCCESS
can_run_together: SUCCESS, True
add_horse: SUCCESS
get_speed: SUCCESS, 2
leads: SUCCESS, False
can_run_together: SUCCESS, True
join_herd: SUCCESS
add_horse: SUCCESS
join_herd: SUCCESS
get_speed: FAILURE
join_herd: SUCCESS
can_run_together: SUCCESS, False
add_horse: SUCCESS
can_run_together: SUCCESS, False
join_herd: SUCCESS
join_herd: SUCCESS
add_horse: SUCCESS
join_herd: SUCCESS
can_run_together: SUCCESS, False
leads: SUCCESS, False
can_run_together: SUCCESS, False
can_run_together: SUCCESS, False
join_herd: SUCCESS
add_horse: SUCCESS
leads: SUCCESS, False
can_run_together: SUCCESS, False
leads: SUCCESS, False
leads: SUCCESS, False
leads: SUCCESS, False
leads: SUCCESS, False
follow: SUCCESS
follow: INVALID_INPUT
follow: SUCCESS
follow: INVALID_INPUT
follow: SUCCESS
follow: INVALID_INPUT
follow: INVALID_INPUT
follow: SUCCESS
can_run_together: SUCCESS, False
leads: SUCCESS, False
leads: SUCCESS, False
leads: SUCCESS, False
leads: SUCCESS, False
leads: SUCCESS, False
join_herd: SUCCESS
get_speed: SUCCESS, 11
get_speed: SUCCESS, 24
get_speed: SUCCESS, 8
leads: SUCCESS, False
add_horse: SUCCESS
add_horse: SUCCESS
add_horse: SUCCESS
join_herd: SUCCESS
get_speed: SUCCESS, 11
follow: FAILURE
get_speed: SUCCESS, 7
join_herd: SUCCESS
add_horse: SUCCESS
join_herd: SUCCESS
get_speed: SUCCESS, 1
leads: SUCCESS, False
add_horse: SUCCESS
leave_herd: FAILURE
can_run_together: SUCCESS, False
get_speed: SUCCESS, 7
add_horse: SUCCESS
join_herd: SUCCESS
leads: SUCCESS, False
leads: SUCCESS, False
leads: SUCCESS, False
get_speed: SUCCESS, 26
add_horse: SUCCESS
add_horse: SUCCESS
add_horse: SUCCESS
add_horse: SUCCESS
add_horse: SUCCESS
add_horse: SUCCESS
join_herd: SUCCESS
add_horse: SUCCESS
join_herd: SUCCESS
join_herd: SUCCESS
get_speed: SUCCESS, 7
leave_herd: SUCCESS
leads: SUCCESS, False
leave_herd: SUCCESS
leave_herd: SUCCESS
join_herd: SUCCESS
can_run_together: SUCCESS, False
leads: SUCCESS, False
leads: SUCCESS, False
leads: SUCCESS, False
leads: SUCCESS, False
leads: SUCCESS, False
leads: SUCCESS, False
leads: SUCCESS, False
follow: SUCCESS
follow: SUCCESS
follow: SUCCESS
follow: SUCCESS
follow: SUCCESS
follow: SUCCESS
follow: SUCCESS
follow: SUCCESS
follow: SUCCESS
follow: SUCCESS
follow: SUCCESS
follow: SUCCESS
follow: SUCCESS
follow: SUCCESS
can_run_together: SUCCESS, False
leads: SUCCESS, False
leads: SUCCESS, True
leads: SUCCESS, True
leads: SUCCESS, True
leads: SUCCESS, True
leads: SUCCESS, False
leads: SUCCESS, False
join_herd: SUCCESS
add_horse: SUCCESS
add_horse: SUCCESS
get_speed: SUCCESS, 6
leads: SUCCESS, False
add_horse: SUCCESS
add_horse: SUCCESS
join_herd: SUCCESS
join_herd: SUCCESS
join_herd: SUCCESS
leads: SUCCESS, False
add_horse: SUCCESS
join_herd: FAILURE
add_herd: SUCCESS
get_speed: SUCCESS, 9
add_horse: SUCCESS
add_horse: SUCCESS
add_horse: SUCCESS
leads: INVALID_INPUT
get_speed: SUCCESS, 17
add_horse: SUCCESS
get_speed: SUCCESS, 27
can_run_together: SUCCESS, False
leads: SUCCESS, False
leads: SUCCESS, False
leads: SUCCESS, False
leads: SUCCESS, True
leads: SUCCESS, False
leads: SUCCESS, False
leads: SUCCESS, True
leads: SUCCESS, False
leads: SUCCESS, False
leads: SUCCESS, False
follow: SUCCESS
leave_herd: SUCCESS
join_herd: SUCCESS
follow: SUCCESS
follow: SUCCESS
follow: SUCCESS
follow: SUCCESS
follow: SUCCESS
follow: SUCCESS
follow: SUCCESS
follow: SUCCESS
follow: SUCCESS
follow: SUCCESS
follow: SUCCESS
follow: SUCCESS
follow: SUCCESS
follow: SUCCESS
follow: SUCCESS
follow: SUCCESS
follow: SUCCESS
can_run_together: SUCCESS, False
leads: SUCCESS, False
leads: SUCCESS, False
leads: SUCCESS, False
leads: SUCCESS, False
leads: SUCCESS, False
leads: SUCCESS, False
leads: SUCCESS, False
leads: SUCCESS, True
leads: SUCCESS, True
leads: SUCCESS, True
add_horse: SUCCESS
add_herd: SUCCESS
can_run_together: SUCCESS, False
add_horse: SUCCESS
add_horse: SUCCESS
add_horse: SUCCESS
leads: SUCCESS, False
join_herd: SUCCESS
add_horse: SUCCESS
get_speed: SUCCESS, 28
leave_herd: FAILURE
add_horse: SUCCESS
join_herd: FAILURE
join_herd: SUCCESS
get_speed: SUCCESS, 3
can_run_together: SUCCESS, False
leads: SUCCESS, False
leads: SUCCESS, False
leads: SUCCESS, False
leads: SUCCESS, False
leads: SUCCESS, True
leads: SUCCESS, True
leads: SUCCESS, False
leads: SUCCESS, True
leads: SUCCESS, False
follow: SUCCESS
leave_herd: SUCCESS
join_herd: SUCCESS
follow: SUCCESS
follow: SUCCESS
follow: SUCCESS
follow: SUCCESS
follow: SUCCESS
follow: SUCCESS
follow: SUCCESS
follow: SUCCESS
follow: SUCCESS
follow: SUCCESS
follow: SUCCESS
follow: SUCCESS
follow: SUCCESS
follow: SUCCESS
follow: SUCCESS
follow: SUCCESS
follow: SUCCESS
can_run_together: SUCCESS, False
leads: SUCCESS, False
leads: SUCCESS, False
leads: SUCCESS, False
leads: SUCCESS, True
leads: SUCCESS, False
leads: SUCCESS, False
leads: SUCCESS, True
leads: SUCCESS, False
leads: SUCCESS, False
get_speed: SUCCESS, 13
join_herd: SUCCESS
add_horse: SUCCESS
add_horse: SUCCESS
can_run_together: SUCCESS, False
leads: SUCCESS, True
leads: SUCCESS, True
leads: SUCCESS, False
leads: SUCCESS, False
leads: SUCCESS, False
leads: SUCCESS, False
leads: SUCCESS, False
leads: SUCCESS, False
leads: SUCCESS, False
leads: SUCCESS, True
leads: SUCCESS, False
follow: SUCCESS
follow: SUCCESS
follow: SUCCESS
follow: SUCCESS
follow: SUCCESS
follow: SUCCESS
follow: SUCCESS
follow: SUCCESS
follow: SUCCESS
follow: SUCCESS
follow: SUCCESS
follow: SUCCESS
follow: SUCCESS
follow: SUCCESS
follow: SUCCESS
follow: SUCCESS
follow: SUCCESS
follow: SUCCESS
can_run_together: SUCCESS, False
leads: SUCCESS, True
leads: SUCCESS, False
leads: SUCCESS, True
leads: SUCCESS, False
leads: SUCCESS, True
leads: SUCCESS, False
leads: SUCCESS, False
leads: SUCCESS, True
leads: SUCCESS, True
can_run_together: SUCCESS, False
add_horse: SUCCESS
join_herd: SUCCESS
can_run_together: SUCCESS, True
add_horse: SUCCESS
get_speed: SUCCESS, 11
add_horse: SUCCESS
add_horse: SUCCESS
add_horse: SUCCESS
join_herd: SUCCESS
add_horse: SUCCESS
join_herd: SUCCESS
join_herd: SUCCESS
get_speed: SUCCESS, 9
add_horse: SUCCESS
add_horse: SUCCESS
get_speed: SUCCESS, 28
add_horse: SUCCESS
add_horse: SUCCESS
